Launching lib\main.dart on Windows in debug mode...
Building Windows application...                                 
flutter : cmake -E tar: error: ZIP decompression failed (-5)
At line:1 char:1
+ flutter run -d windows 2>&1 | Tee-Object -FilePath build_output.txt | ...
+ ~~~~~~~~~~~~~~~~~~~~~~~~~~~
    + CategoryInfo          : NotSpecified: (cmake -E tar: e...ion failed (-5) 
   :String) [], RemoteException
    + FullyQualifiedErrorId : NativeCommandError
 
CMake Error at flutter/ephemeral/.plugin_symlinks/firebase_core/windows/CMakeLi
sts.txt:119 (add_subdirectory):
  The source directory

    C:/Users/sc245/Desktop/tirigo-app/build/windows/x64/extracted/firebase_cpp_
sdk_windows

  does not contain a CMakeLists.txt file.


CMake Error at flutter/ephemeral/.plugin_symlinks/firebase_core/windows/CMakeLi
sts.txt:125 (get_target_property):
  get_target_property() called with non-existent target "firebase_app".


CMake Error at flutter/ephemeral/.plugin_symlinks/firebase_core/windows/CMakeLi
sts.txt:126 (string):
  string sub-command REPLACE requires at least four arguments.


CMake Error at flutter/ephemeral/.plugin_symlinks/firebase_core/windows/CMakeLi
sts.txt:127 (set_target_properties):
  set_target_properties Can not find target to add properties to:
  firebase_app


CMake Error at flutter/ephemeral/.plugin_symlinks/firebase_core/windows/CMakeLi
sts.txt:125 (get_target_property):
  get_target_property() called with non-existent target "firebase_auth".


CMake Error at flutter/ephemeral/.plugin_symlinks/firebase_core/windows/CMakeLi
sts.txt:126 (string):
  string sub-command REPLACE requires at least four arguments.


CMake Error at flutter/ephemeral/.plugin_symlinks/firebase_core/windows/CMakeLi
sts.txt:127 (set_target_properties):
  set_target_properties Can not find target to add properties to:
  firebase_auth


CMake Error at flutter/ephemeral/.plugin_symlinks/firebase_core/windows/CMakeLi
sts.txt:125 (get_target_property):
  get_target_property() called with non-existent target "firebase_storage".


CMake Error at flutter/ephemeral/.plugin_symlinks/firebase_core/windows/CMakeLi
sts.txt:126 (string):
  string sub-command REPLACE requires at least four arguments.


CMake Error at flutter/ephemeral/.plugin_symlinks/firebase_core/windows/CMakeLi
sts.txt:127 (set_target_properties):
  set_target_properties Can not find target to add properties to:
  firebase_storage


CMake Error at flutter/ephemeral/.plugin_symlinks/firebase_core/windows/CMakeLi
sts.txt:125 (get_target_property):
  get_target_property() called with non-existent target "firebase_firestore".


CMake Error at flutter/ephemeral/.plugin_symlinks/firebase_core/windows/CMakeLi
sts.txt:126 (string):
  string sub-command REPLACE requires at least four arguments.


CMake Error at flutter/ephemeral/.plugin_symlinks/firebase_core/windows/CMakeLi
sts.txt:127 (set_target_properties):
  set_target_properties Can not find target to add properties to:
  firebase_firestore


Building Windows application...                                    23,5s
Error: Unable to generate build files
